// 重构日志: 49d832b1
// 重构日志: 998ae3cf
// 重构日志: b46dd806
// 重构日志: 37a26959
// 重构日志: 3ed1ac4e
// 重构日志: 532f382b
// 重构日志: cfb4e835
// 重构日志: 0f3ee07a
// 重构日志: c9e7e020
// 重构日志: afd7f3d0
// 重构日志: cf927ee7
// 同步 ID: 3071e97e @ Mon Jul 27 15:37:54 UTC 2026
// 重构日志: d57fba91
// 重构日志: e54312c7
// 同步 ID: 22dbf128 @ Tue Jul 28 15:46:36 UTC 2026
// 重构日志: a52323b9
// 同步 ID: 900e4a56 @ Sat Aug  1 01:36:55 UTC 2026
// 同步 ID: bbeaef64 @ Sat Aug  1 05:19:37 UTC 2026
// 同步 ID: bb219194 @ Sat Aug  1 08:49:18 UTC 2026
// 同步 ID: 8231acf8 @ Sat Aug  1 11:06:23 UTC 2026
// 重构日志: e4a32a68
// 重构日志: 2c7e924a
// 重构日志: b00678c2
// 重构日志: a4cc60a1
// 重构日志: 24af8772
// 重构日志: 1b8950c0
// 同步 ID: 5fd65f9b @ Tue Aug  4 11:18:43 UTC 2026
// 同步 ID: 5992734f @ Wed Aug  5 14:06:36 UTC 2026
// 重构日志: 2130c2dc
// 同步 ID: a6e7299a @ Fri Aug  7 09:33:18 UTC 2026
// 重构日志: 8a18abd1
